Scope: 15 of 16 workspace projects
packages/data-loader test$ vitest run
packages/data-loader test: [7m[1m[36m RUN [39m[22m[27m [36mv1.6.1[39m [90mC:/source/repos/Runiq/packages/data-loader[39m
packages/data-loader test:  [32mΓ£ô[39m src/json-data-source.spec.ts [2m ([22m[2m29 tests[22m[2m)[22m[90m 149[2mms[22m[39m
packages/data-loader test:  [32mΓ£ô[39m src/csv-data-source.spec.ts [2m ([22m[2m32 tests[22m[2m)[22m[90m 199[2mms[22m[39m
packages/data-loader test: [2m Test Files [22m [1m[32m2 passed[39m[22m[90m (2)[39m
packages/data-loader test: [2m      Tests [22m [1m[32m61 passed[39m[22m[90m (61)[39m
packages/data-loader test: [2m   Start at [22m 19:24:06
packages/data-loader test: [2m   Duration [22m 813ms[2m (transform 183ms, setup 0ms, collect 339ms, tests 348ms, environment 0ms, prepare 405ms)[22m
packages/data-loader test: Done
packages/core test$ vitest run
packages/core test: [7m[1m[36m RUN [39m[22m[27m [36mv1.6.1[39m [90mC:/source/repos/Runiq/packages/core[39m
packages/core test:  [32mΓ£ô[39m src/mindmap.spec.ts [2m ([22m[2m10 tests[22m[2m)[22m[90m 11[2mms[22m[39m
packages/core test:  [32mΓ£ô[39m src/container-templates-presets.spec.ts [2m ([22m[2m35 tests[22m[2m)[22m[90m 12[2mms[22m[39m
packages/core test:  [32mΓ£ô[39m src/containers.spec.ts [2m ([22m[2m53 tests[22m[2m)[22m[90m 17[2mms[22m[39m
packages/core test:  [32mΓ£ô[39m src/container-collapse.spec.ts [2m ([22m[2m32 tests[22m[2m)[22m[90m 19[2mms[22m[39m
packages/core test:  [32mΓ£ô[39m src/container-layout.spec.ts [2m ([22m[2m37 tests[22m[2m)[22m[90m 17[2mms[22m[39m
packages/core test:  [32mΓ£ô[39m src/container-visual-controls.spec.ts [2m ([22m[2m38 tests[22m[2m)[22m[90m 18[2mms[22m[39m
packages/core test:  [32mΓ£ô[39m src/container-validation.spec.ts [2m ([22m[2m32 tests[22m[2m)[22m[90m 19[2mms[22m[39m
packages/core test:  [33mΓ¥»[39m src/__tests__/container-collapse.test.ts [2m ([22m[2m32 tests[22m [2m|[22m [31m1 failed[39m[2m)[22m[90m 31[2mms[22m[39m
packages/core test: [31m   [33mΓ¥»[31m src/__tests__/container-collapse.test.ts[2m > [22mContainer Phase 2: Collapse/Expand Functionality[2m > [22mComplete Collapse/Expand Example[2m > [22mshould support all Phase 2 collapse features together[39m
packages/core test: [31m     ΓåÆ expected 'easeInOut' to be 'ease-in-out' // Object.is equality[39m
packages/core test:  [32mΓ£ô[39m src/graph-metrics.spec.ts [2m ([22m[2m20 tests[22m[2m)[22m[90m 23[2mms[22m[39m
packages/core test:  [32mΓ£ô[39m src/class-diagram.spec.ts [2m ([22m[2m18 tests[22m[2m)[22m[90m 16[2mms[22m[39m
packages/core test:  [32mΓ£ô[39m src/shapes/charts/radarChart.spec.ts [2m ([22m[2m34 tests[22m[2m)[22m[90m 27[2mms[22m[39m
packages/core test:  [32mΓ£ô[39m src/__tests__/bar-chart-vertical.test.ts [2m ([22m[2m47 tests[22m[2m)[22m[90m 29[2mms[22m[39m
packages/core test:  [32mΓ£ô[39m src/bar-chart-horizontal.spec.ts [2m ([22m[2m44 tests[22m[2m)[22m[90m 29[2mms[22m[39m
packages/core test:  [32mΓ£ô[39m src/quantum-circuit-shapes.spec.ts [2m ([22m[2m52 tests[22m[2m)[22m[90m 36[2mms[22m[39m
packages/core test:  [32mΓ£ô[39m src/bar-chart-vertical.spec.ts [2m ([22m[2m47 tests[22m[2m)[22m[90m 30[2mms[22m[39m
packages/core test:  [33mΓ¥»[39m src/__tests__/bar-chart-horizontal.test.ts [2m ([22m[2m44 tests[22m [2m|[22m [31m1 failed[39m[2m)[22m[90m 42[2mms[22m[39m
packages/core test: [31m   [33mΓ¥»[31m src/__tests__/bar-chart-horizontal.test.ts[2m > [22mBar Chart Horizontal Shape[2m > [22mStacked Bars[2m > [22mshould calculate bounds for stacked bars[39m
packages/core test: [31m     ΓåÆ expected 225 to be 180 // Object.is equality[39m
packages/core test:  [32mΓ£ô[39m src/network-topology-shapes.spec.ts [2m ([22m[2m33 tests[22m[2m)[22m[90m 43[2mms[22m[39m
packages/core test:  [32mΓ£ô[39m src/pedigree-shapes.spec.ts [2m ([22m[2m32 tests[22m[2m)[22m[90m 15[2mms[22m[39m
packages/core test:  [32mΓ£ô[39m src/shapes/charts/lineChart.spec.ts [2m ([22m[2m27 tests[22m[2m)[22m[90m 16[2mms[22m[39m
packages/core test:  [32mΓ£ô[39m src/shapes/charts/sankeyChart.spec.ts [2m ([22m[2m24 tests[22m[2m)[22m[90m 17[2mms[22m[39m
packages/core test:  [32mΓ£ô[39m src/edge-enhancements.spec.ts [2m ([22m[2m20 tests[22m[2m)[22m[90m 19[2mms[22m[39m
packages/core test:  [32mΓ£ô[39m src/registries.spec.ts [2m ([22m[2m23 tests[22m[2m)[22m[90m 13[2mms[22m[39m
packages/core test:  [32mΓ£ô[39m src/pie-chart-simple.spec.ts [2m ([22m[2m26 tests[22m[2m)[22m[90m 19[2mms[22m[39m
packages/core test:  [32mΓ£ô[39m src/venn-diagrams.spec.ts [2m ([22m[2m28 tests[22m[2m)[22m[90m 16[2mms[22m[39m
packages/core test:  [32mΓ£ô[39m src/schema.spec.ts [2m ([22m[2m23 tests[22m[2m)[22m[90m 27[2mms[22m[39m
packages/core test:  [32mΓ£ô[39m src/shapes/uml/activity-action-pins.spec.ts [2m ([22m[2m17 tests[22m[2m)[22m[90m 29[2mms[22m[39m
packages/core test:  [32mΓ£ô[39m src/shapes/uml/activity-final-nodes.spec.ts [2m ([22m[2m22 tests[22m[2m)[22m[90m 21[2mms[22m[39m
packages/core test:  [32mΓ£ô[39m src/shapes/uml/state-machine-enhancements.spec.ts [2m ([22m[2m32 tests[22m[2m)[22m[90m 27[2mms[22m[39m
packages/core test:  [32mΓ£ô[39m src/shapes/uml/state-machine-shapes.spec.ts [2m ([22m[2m28 tests[22m[2m)[22m[90m 31[2mms[22m[39m
packages/core test:  [32mΓ£ô[39m src/shapes/uml/class-diagram-shapes.spec.ts [2m ([22m[2m26 tests[22m[2m)[22m[90m 27[2mms[22m[39m
packages/core test:  [32mΓ£ô[39m src/shapes/bpmn/bpmn-shapes.spec.ts [2m ([22m[2m29 tests[22m[2m)[22m[90m 33[2mms[22m[39m
packages/core test:  [32mΓ£ô[39m src/shapes/uml/activity-object-nodes.spec.ts [2m ([22m[2m23 tests[22m[2m)[22m[90m 17[2mms[22m[39m
packages/core test:  [32mΓ£ô[39m src/use-case-shapes.spec.ts [2m ([22m[2m18 tests[22m[2m)[22m[90m 17[2mms[22m[39m
packages/core test:  [32mΓ£ô[39m src/shapes/uml/swimlane.spec.ts [2m ([22m[2m22 tests[22m[2m)[22m[90m 17[2mms[22m[39m
packages/core test:  [32mΓ£ô[39m src/shapes/uml/activity-signal-shapes.spec.ts [2m ([22m[2m21 tests[22m[2m)[22m[90m 18[2mms[22m[39m
packages/core test:  [32mΓ£ô[39m src/shapes/uml/component-additions.spec.ts [2m ([22m[2m30 tests[22m[2m)[22m[90m 14[2mms[22m[39m
packages/core test:  [32mΓ£ô[39m src/shapes/uml/sequence-diagram-shapes.spec.ts [2m ([22m[2m23 tests[22m[2m)[22m[90m 17[2mms[22m[39m
packages/core test:  [32mΓ£ô[39m src/shapes/uml/sequence-time-observation.spec.ts [2m ([22m[2m19 tests[22m[2m)[22m[90m 26[2mms[22m[39m
packages/core test:  [32mΓ£ô[39m src/shapes/uml/component-diagram-shapes.spec.ts [2m ([22m[2m20 tests[22m[2m)[22m[90m 28[2mms[22m[39m
packages/core test:  [32mΓ£ô[39m src/shapes/erd/erd-shapes.spec.ts [2m ([22m[2m24 tests[22m[2m)[22m[90m 36[2mms[22m[39m
packages/core test:  [32mΓ£ô[39m src/data-types.spec.ts [2m ([22m[2m18 tests[22m[2m)[22m[90m 11[2mms[22m[39m
packages/core test:  [32mΓ£ô[39m src/shapes/uml/lifeline-state-invariant.spec.ts [2m ([22m[2m12 tests[22m[2m)[22m[90m 8[2mms[22m[39m
packages/core test:  [32mΓ£ô[39m src/pyramid.spec.ts [2m ([22m[2m12 tests[22m[2m)[22m[90m 10[2mms[22m[39m
packages/core test:  [32mΓ£ô[39m src/shapes/uml/sequence-continuation.spec.ts [2m ([22m[2m14 tests[22m[2m)[22m[90m 13[2mms[22m[39m
packages/core test:  [32mΓ£ô[39m src/shapes/bpmn/gateway.spec.ts [2m ([22m[2m14 tests[22m[2m)[22m[90m 14[2mms[22m[39m
packages/core test:  [32mΓ£ô[39m src/shapes/c4/c4-shapes.spec.ts [2m ([22m[2m16 tests[22m[2m)[22m[90m 13[2mms[22m[39m
packages/core test:  [32mΓ£ô[39m src/shapes/aws/aws-shapes.spec.ts [2m ([22m[2m24 tests[22m[2m)[22m[90m 18[2mms[22m[39m
packages/core test:  [32mΓ£ô[39m src/shapes/data-flow/data-flow-shapes.spec.ts [2m ([22m[2m17 tests[22m[2m)[22m[90m 16[2mms[22m[39m
packages/core test:  [32mΓ£ô[39m src/cloud-shape.spec.ts [2m ([22m[2m12 tests[22m[2m)[22m[90m 11[2mms[22m[39m
packages/core test:  [32mΓ£ô[39m src/shapes/bpmn/bpmn-additions.spec.ts [2m ([22m[2m14 tests[22m[2m)[22m[90m 13[2mms[22m[39m
packages/core test:  [32mΓ£ô[39m src/shapes/basic/ellipseWide-extension-points.spec.ts [2m ([22m[2m9 tests[22m[2m)[22m[90m 12[2mms[22m[39m
packages/core test:  [32mΓ£ô[39m src/shapes/flowchart/flowchart-additions.spec.ts [2m ([22m[2m10 tests[22m [2m|[22m [33m4 skipped[39m[2m)[22m[90m 8[2mms[22m[39m
packages/core test:  [32mΓ£ô[39m src/shapes/basic/star.spec.ts [2m ([22m[2m14 tests[22m[2m)[22m[90m 19[2mms[22m[39m
packages/core test:  [32mΓ£ô[39m src/shapes/basic/rhombus.spec.ts [2m ([22m[2m6 tests[22m[2m)[22m[90m 9[2mms[22m[39m
packages/core test:  [32mΓ£ô[39m src/shapes/uml/activity-diagram-shapes.spec.ts [2m ([22m[2m4 tests[22m[2m)[22m[90m 10[2mms[22m[39m
packages/core test:  [32mΓ£ô[39m src/circle-variants.spec.ts [2m ([22m[2m25 tests[22m[2m)[22m[90m 18[2mms[22m[39m
packages/core test:  [32mΓ£ô[39m src/process-shapes.spec.ts [2m ([22m[2m25 tests[22m[2m)[22m[90m 20[2mms[22m[39m
packages/core test:  [32mΓ£ô[39m src/data-source-registry.spec.ts [2m ([22m[2m5 tests[22m[2m)[22m[90m 214[2mms[22m[39m
packages/core test:  [32mΓ£ô[39m src/final-9-shapes.spec.ts [2m ([22m[2m45 tests[22m[2m)[22m[90m 30[2mms[22m[39m
packages/core test:  [32mΓ£ô[39m src/priority1-shapes.spec.ts [2m ([22m[2m30 tests[22m[2m)[22m[90m 32[2mms[22m[39m
packages/core test:  [32mΓ£ô[39m src/storage-specialized-shapes.spec.ts [2m ([22m[2m35 tests[22m[2m)[22m[90m 32[2mms[22m[39m
packages/core test:  [32mΓ£ô[39m src/shape-aliases.spec.ts [2m ([22m[2m27 tests[22m[2m)[22m[90m 39[2mms[22m[39m
packages/core test: [90mstdout[2m | src/performance.spec.ts[2m > [22m[2mPerformance Benchmarks[2m > [22m[2mshould render 100 nodes in under 100ms[22m[39m
packages/core test: Rendered 100 nodes in 13.81ms
packages/core test: [90mstdout[2m | src/performance.spec.ts[2m > [22m[2mPerformance Benchmarks[2m > [22m[2mshould measure text for 1000 labels in under 50ms[22m[39m
packages/core test: Measured 1000 labels in 15.75ms
packages/core test: [90mstdout[2m | src/performance.spec.ts[2m > [22m[2mPerformance Benchmarks[2m > [22m[2mshould handle complex shapes efficiently[22m[39m
packages/core test: Rendered 8 complex shapes in 2.36ms
packages/core test: [90mstdout[2m | src/performance.spec.ts[2m > [22m[2mPerformance Benchmarks[2m > [22m[2mshould create large diagrams efficiently[22m[39m
packages/core test: Processed 50-node diagram in 0.91ms
packages/core test:  [32mΓ£ô[39m src/block-diagram-shapes.spec.ts [2m ([22m[2m43 tests[22m [2m|[22m [33m8 skipped[39m[2m)[22m[90m 39[2mms[22m[39m
packages/core test:  [32mΓ£ô[39m src/performance.spec.ts [2m ([22m[2m5 tests[22m [2m|[22m [33m1 skipped[39m[2m)[22m[90m 41[2mms[22m[39m
packages/core test:  [32mΓ£ô[39m src/new-shapes.spec.ts [2m ([22m[2m59 tests[22m[2m)[22m[90m 52[2mms[22m[39m
packages/core test:  [32mΓ£ô[39m src/document-shapes.spec.ts [2m ([22m[2m15 tests[22m[2m)[22m[90m 12[2mms[22m[39m
packages/core test:  [32mΓ£ô[39m src/annotation-shapes.spec.ts [2m ([22m[2m15 tests[22m[2m)[22m[90m 18[2mms[22m[39m
packages/core test: [31mΓÄ»ΓÄ»ΓÄ»ΓÄ»ΓÄ»ΓÄ»ΓÄ»[1m[7m Failed Tests 2 [27m[22mΓÄ»ΓÄ»ΓÄ»ΓÄ»ΓÄ»ΓÄ»ΓÄ»[39m
packages/core test: [31m[1m[7m FAIL [27m[22m[39m src/__tests__/bar-chart-horizontal.test.ts[2m > [22mBar Chart Horizontal Shape[2m > [22mStacked Bars[2m > [22mshould calculate bounds for stacked bars
packages/core test: [31m[1mAssertionError[22m: expected 225 to be 180 // Object.is equality[39m
packages/core test: [32m- Expected[39m
packages/core test: [31m+ Received[39m
packages/core test: [32m- 180[39m
packages/core test: [31m+ 225[39m
packages/core test: [36m [2mΓ¥»[22m src/__tests__/bar-chart-horizontal.test.ts:[2m325:29[22m[39m
packages/core test:     [90m323| [39m      [34mexpect[39m(bounds[33m.[39mwidth)[33m.[39m[34mtoBe[39m([34m400[39m)[33m;[39m [90m// default width[39m
packages/core test:     [90m324| [39m      [90m// 3 groups * (40 height + 15 spacing) + 15 spacing = 180[39m
packages/core test:     [90m325| [39m      [34mexpect[39m(bounds[33m.[39mheight)[33m.[39m[34mtoBe[39m([34m180[39m)[33m;[39m
packages/core test:     [90m   | [39m                            [31m^[39m
packages/core test:     [90m326| [39m    })[33m;[39m
packages/core test:     [90m327| [39m
packages/core test: [31m[2mΓÄ»ΓÄ»ΓÄ»ΓÄ»ΓÄ»ΓÄ»ΓÄ»ΓÄ»ΓÄ»ΓÄ»ΓÄ»ΓÄ»ΓÄ»ΓÄ»ΓÄ»ΓÄ»ΓÄ»ΓÄ»ΓÄ»ΓÄ»ΓÄ»ΓÄ»ΓÄ»ΓÄ»[1/2]ΓÄ»[22m[39m
packages/core test: [31m[1m[7m FAIL [27m[22m[39m src/__tests__/container-collapse.test.ts[2m > [22mContainer Phase 2: Collapse/Expand Functionality[2m > [22mComplete Collapse/Expand Example[2m > [22mshould support all Phase 2 collapse features together
packages/core test: [31m[1mAssertionError[22m: expected 'easeInOut' to be 'ease-in-out' // Object.is equality[39m
packages/core test: [32m- Expected[39m
packages/core test: [31m+ Received[39m
packages/core test: [32m- ease-in-out[39m
packages/core test: [31m+ easeInOut[39m
packages/core test: [36m [2mΓ¥»[22m src/__tests__/container-collapse.test.ts:[2m518:49[22m[39m
packages/core test:     [90m516| [39m      [34mexpect[39m(container[33m.[39mcollapseTransitionState)[33m.[39m[34mtoBe[39m([32m'stable'[39m)[33m;[39m
packages/core test:     [90m517| [39m      [34mexpect[39m(container[33m.[39mcollapseAnimationDuration)[33m.[39m[34mtoBe[39m([34m300[39m)[33m;[39m
packages/core test:     [90m518| [39m      [34mexpect[39m(container[33m.[39mcollapseAnimationEasing)[33m.[39m[34mtoBe[39m([32m'ease-in-out'[39m)[33m;[39m
packages/core test:     [90m   | [39m                                                [31m^[39m
packages/core test:     [90m519| [39m      [34mexpect[39m(container[33m.[39mcollapseSummary)[33m.[39m[34mtoBe[39m([32m'12 services'[39m)[33m;[39m
packages/core test:     [90m520| [39m      [34mexpect[39m(container[33m.[39mcollapseShowCount)[33m.[39m[34mtoBe[39m([35mtrue[39m)[33m;[39m
packages/core test: [31m[2mΓÄ»ΓÄ»ΓÄ»ΓÄ»ΓÄ»ΓÄ»ΓÄ»ΓÄ»ΓÄ»ΓÄ»ΓÄ»ΓÄ»ΓÄ»ΓÄ»ΓÄ»ΓÄ»ΓÄ»ΓÄ»ΓÄ»ΓÄ»ΓÄ»ΓÄ»ΓÄ»ΓÄ»[2/2]ΓÄ»[22m[39m
packages/core test: [2m Test Files [22m [1m[31m2 failed[39m[22m[2m | [22m[1m[32m65 passed[39m[22m[90m (67)[39m
packages/core test: [2m      Tests [22m [1m[31m2 failed[39m[22m[2m | [22m[1m[32m1675 passed[39m[22m[2m | [22m[33m13 skipped[39m[90m (1690)[39m
packages/core test: [2m   Start at [22m 19:24:08
packages/core test: [2m   Duration [22m 3.87s[2m (transform 5.58s, setup 10ms, collect 29.94s, tests 1.65s, environment 24ms, prepare 19.88s)[22m
packages/core test: Failed
C:\source\repos\Runiq\packages\core:
ΓÇëERR_PNPM_RECURSIVE_RUN_FIRST_FAILΓÇë @runiq/core@0.1.0 test: `vitest run`
Exit status 1
